[Unit]
Description=Hoserva share appdata
RequiresMountsFor=/mnt/user /mnt/cache

[Mount]
What=/mnt/cache/appdata=RW
Where=/mnt/user/appdata
Type=fuse.mergerfs
Options=category.create=mfs,moveonenospc=true,dropcacheonclose=true,minfreespace=50G,cache.files=partial,cache.entry=1,cache.attr=1,cache.negative_entry=1,cache.statfs=0,fsname=hoserva-appdata
