##### internal-boot-shared-1.img
--- blkid -p -o export (whole image)
DEVNAME=/lab/559-a1/ib/internal-boot-shared-1.img
PTUUID=ca1e86f8-01f2-4d8b-93dc-90598cb5a64a
PTTYPE=gpt
--- partx --show
NR   START     END SECTORS                                 TYPE NAME
 1    2048    4095    2048 21686148-6449-6e6f-744e-656564454649 BIOS Boot Partition
 2    4096 1048575 1044480 c12a7328-f81f-11d2-ba4b-00a0c93ec93b EFI System Partition
 3 1048576 2097151 1048576 0fc63daf-8483-4772-8e79-3d69d8477de4 Unraid Boot Partition
 4 2097152 4194270 2097119 0fc63daf-8483-4772-8e79-3d69d8477de4 
--- partition 1 (type 21686148-6449-6e6f-744e-656564454649, name 'BIOS Boot Partition') blkid -p -o udev
(blkid exit 2: no filesystem or other signature found)
--- partition 2 (type c12a7328-f81f-11d2-ba4b-00a0c93ec93b, name 'EFI System Partition') blkid -p -o udev
(blkid exit 2: no filesystem or other signature found)
--- partition 3 (type 0fc63daf-8483-4772-8e79-3d69d8477de4, name 'Unraid Boot Partition') blkid -p -o udev
ID_FS_VERSION=5000
ID_FS_LABEL=flash
ID_FS_LABEL_ENC=flash
ID_FS_UUID=6895916408931496298
ID_FS_UUID_ENC=6895916408931496298
ID_FS_UUID_SUB=7265743939272943903
ID_FS_UUID_SUB_ENC=7265743939272943903
ID_FS_FSBLOCKSIZE=4096
ID_FS_BLOCK_SIZE=4096
ID_FS_ENDIANNESS=LITTLE
ID_FS_TYPE=zfs_member
ID_FS_USAGE=filesystem
--- formatted partition 4 as btrfs
--- partition 4 (type 0fc63daf-8483-4772-8e79-3d69d8477de4, name '') blkid -p -o udev
ID_FS_UUID=bbfe6e78-38fd-42b5-989c-db68e2a60f77
ID_FS_UUID_ENC=bbfe6e78-38fd-42b5-989c-db68e2a60f77
ID_FS_UUID_SUB=0b880f51-ce2e-4fb2-a6f0-bc7f49de7d08
ID_FS_UUID_SUB_ENC=0b880f51-ce2e-4fb2-a6f0-bc7f49de7d08
ID_FS_FSBLOCKSIZE=4096
ID_FS_BLOCK_SIZE=4096
ID_FS_FSLASTBLOCK=262139
ID_FS_FSSIZE=1073721344
ID_FS_TYPE=btrfs
ID_FS_USAGE=filesystem
probe: done
