=== SETTLE GATE started 2026-09-15T18:10:22Z settle=180s max_wait=900s interval=5s ===
=== POST-SYNC BASELINE ===
# snapshot 2026-09-15T18:10:22Z
disk1 /dev/loop1     3733        0    84548       20     4095     1937 10370627     3896        0      499     3918       19        0 39845888        0      209        1
disk2 /dev/loop2     3730        0    84531       16     6370       83 13463251     5393        0      837     5412       19        0 39845888        0      226        1
disk3 /dev/loop3     3780        0    84634       16     3755       83 10349015     3592        0      448     3610       19        0 39845888        0      224        1
=== T+5s 2026-09-15T18:10:27Z ===
# snapshot 2026-09-15T18:10:27Z
disk1 /dev/loop1     3733        0    84548       20     4095     1937 10370627     3896        0      499     3918       19        0 39845888        0      209        1
disk2 /dev/loop2     3730        0    84531       16     6370       83 13463251     5393        0      837     5412       19        0 39845888        0      226        1
disk3 /dev/loop3     3780        0    84634       16     3755       83 10349015     3592        0      448     3610       19        0 39845888        0      224        1
stable_for=5s elapsed=5s
=== T+10s 2026-09-15T18:10:32Z ===
# snapshot 2026-09-15T18:10:32Z
disk1 /dev/loop1     3733        0    84548       20     4095     1937 10370627     3896        0      499     3918       19        0 39845888        0      209        1
disk2 /dev/loop2     3730        0    84531       16     6370       83 13463251     5393        0      837     5412       19        0 39845888        0      226        1
disk3 /dev/loop3     3780        0    84634       16     3755       83 10349015     3592        0      448     3610       19        0 39845888        0      224        1
stable_for=10s elapsed=10s
=== T+15s 2026-09-15T18:10:37Z ===
# snapshot 2026-09-15T18:10:37Z
disk1 /dev/loop1     3733        0    84548       20     4095     1937 10370627     3896        0      499     3918       19        0 39845888        0      209        1
disk2 /dev/loop2     3730        0    84531       16     6370       83 13463251     5393        0      837     5412       19        0 39845888        0      226        1
disk3 /dev/loop3     3780        0    84634       16     3755       83 10349015     3592        0      448     3610       19        0 39845888        0      224        1
stable_for=15s elapsed=15s
=== T+20s 2026-09-15T18:10:42Z ===
# snapshot 2026-09-15T18:10:42Z
disk1 /dev/loop1     3733        0    84548       20     4095     1937 10370627     3896        0      499     3918       19        0 39845888        0      209        1
disk2 /dev/loop2     3730        0    84531       16     6372       83 13463254     5393        0      837     5412       19        0 39845888        0      228        1
disk3 /dev/loop3     3780        0    84634       16     3757       83 10349018     3592        0      448     3610       19        0 39845888        0      226        1
-- disk2 changed --
disk2 write_ios: 6370 -> 6372 (delta 2)
disk2 write_sectors: 13463251 -> 13463254 (delta 3)
disk2 flush_ios: 226 -> 228 (delta 2)
-- disk3 changed --
disk3 write_ios: 3755 -> 3757 (delta 2)
disk3 write_sectors: 10349015 -> 10349018 (delta 3)
disk3 flush_ios: 224 -> 226 (delta 2)
stable_for=0s elapsed=20s
=== T+25s 2026-09-15T18:10:47Z ===
# snapshot 2026-09-15T18:10:47Z
disk1 /dev/loop1     3733        0    84548       20     4095     1937 10370627     3896        0      499     3918       19        0 39845888        0      209        1
disk2 /dev/loop2     3730        0    84531       16     6372       83 13463254     5393        0      837     5412       19        0 39845888        0      228        1
disk3 /dev/loop3     3780        0    84634       16     3757       83 10349018     3592        0      448     3610       19        0 39845888        0      226        1
stable_for=5s elapsed=25s
=== T+30s 2026-09-15T18:10:52Z ===
# snapshot 2026-09-15T18:10:52Z
disk1 /dev/loop1     3733        0    84548       20     4095     1937 10370627     3896        0      499     3918       19        0 39845888        0      209        1
disk2 /dev/loop2     3730        0    84531       16     6372       83 13463254     5393        0      837     5412       19        0 39845888        0      228        1
disk3 /dev/loop3     3780        0    84634       16     3757       83 10349018     3592        0      448     3610       19        0 39845888        0      226        1
stable_for=10s elapsed=30s
=== T+35s 2026-09-15T18:10:57Z ===
# snapshot 2026-09-15T18:10:57Z
disk1 /dev/loop1     3733        0    84548       20     4095     1937 10370627     3896        0      499     3918       19        0 39845888        0      209        1
disk2 /dev/loop2     3730        0    84531       16     6372       83 13463254     5393        0      837     5412       19        0 39845888        0      228        1
disk3 /dev/loop3     3780        0    84634       16     3757       83 10349018     3592        0      448     3610       19        0 39845888        0      226        1
stable_for=15s elapsed=35s
=== T+40s 2026-09-15T18:11:02Z ===
# snapshot 2026-09-15T18:11:02Z
disk1 /dev/loop1     3733        0    84548       20     4095     1937 10370627     3896        0      499     3918       19        0 39845888        0      209        1
disk2 /dev/loop2     3730        0    84531       16     6372       83 13463254     5393        0      837     5412       19        0 39845888        0      228        1
disk3 /dev/loop3     3780        0    84634       16     3757       83 10349018     3592        0      448     3610       19        0 39845888        0      226        1
stable_for=20s elapsed=40s
=== T+45s 2026-09-15T18:11:07Z ===
# snapshot 2026-09-15T18:11:07Z
disk1 /dev/loop1     3733        0    84548       20     4095     1937 10370627     3896        0      499     3918       19        0 39845888        0      209        1
disk2 /dev/loop2     3730        0    84531       16     6372       83 13463254     5393        0      837     5412       19        0 39845888        0      228        1
disk3 /dev/loop3     3780        0    84634       16     3757       83 10349018     3592        0      448     3610       19        0 39845888        0      226        1
stable_for=25s elapsed=45s
=== T+50s 2026-09-15T18:11:12Z ===
# snapshot 2026-09-15T18:11:12Z
disk1 /dev/loop1     3733        0    84548       20     4095     1937 10370627     3896        0      499     3918       19        0 39845888        0      209        1
disk2 /dev/loop2     3730        0    84531       16     6374       83 13463257     5393        0      837     5412       19        0 39845888        0      230        1
disk3 /dev/loop3     3780        0    84634       16     3759       83 10349021     3592        0      448     3610       19        0 39845888        0      228        1
-- disk2 changed --
disk2 write_ios: 6372 -> 6374 (delta 2)
disk2 write_sectors: 13463254 -> 13463257 (delta 3)
disk2 flush_ios: 228 -> 230 (delta 2)
-- disk3 changed --
disk3 write_ios: 3757 -> 3759 (delta 2)
disk3 write_sectors: 10349018 -> 10349021 (delta 3)
disk3 flush_ios: 226 -> 228 (delta 2)
stable_for=0s elapsed=50s
=== T+55s 2026-09-15T18:11:17Z ===
# snapshot 2026-09-15T18:11:17Z
disk1 /dev/loop1     3733        0    84548       20     4095     1937 10370627     3896        0      499     3918       19        0 39845888        0      209        1
disk2 /dev/loop2     3730        0    84531       16     6374       83 13463257     5393        0      837     5412       19        0 39845888        0      230        1
disk3 /dev/loop3     3780        0    84634       16     3759       83 10349021     3592        0      448     3610       19        0 39845888        0      228        1
stable_for=5s elapsed=55s
=== T+60s 2026-09-15T18:11:22Z ===
# snapshot 2026-09-15T18:11:22Z
disk1 /dev/loop1     3733        0    84548       20     4095     1937 10370627     3896        0      499     3918       19        0 39845888        0      209        1
disk2 /dev/loop2     3730        0    84531       16     6374       83 13463257     5393        0      837     5412       19        0 39845888        0      230        1
disk3 /dev/loop3     3780        0    84634       16     3759       83 10349021     3592        0      448     3610       19        0 39845888        0      228        1
stable_for=10s elapsed=60s
=== T+65s 2026-09-15T18:11:27Z ===
# snapshot 2026-09-15T18:11:27Z
disk1 /dev/loop1     3733        0    84548       20     4095     1937 10370627     3896        0      499     3918       19        0 39845888        0      209        1
disk2 /dev/loop2     3730        0    84531       16     6374       83 13463257     5393        0      837     5412       19        0 39845888        0      230        1
disk3 /dev/loop3     3780        0    84634       16     3759       83 10349021     3592        0      448     3610       19        0 39845888        0      228        1
stable_for=15s elapsed=65s
=== T+70s 2026-09-15T18:11:32Z ===
# snapshot 2026-09-15T18:11:32Z
disk1 /dev/loop1     3733        0    84548       20     4095     1937 10370627     3896        0      499     3918       19        0 39845888        0      209        1
disk2 /dev/loop2     3730        0    84531       16     6374       83 13463257     5393        0      837     5412       19        0 39845888        0      230        1
disk3 /dev/loop3     3780        0    84634       16     3759       83 10349021     3592        0      448     3610       19        0 39845888        0      228        1
stable_for=20s elapsed=70s
=== T+75s 2026-09-15T18:11:37Z ===
# snapshot 2026-09-15T18:11:37Z
disk1 /dev/loop1     3733        0    84548       20     4095     1937 10370627     3896        0      499     3918       19        0 39845888        0      209        1
disk2 /dev/loop2     3730        0    84531       16     6374       83 13463257     5393        0      837     5412       19        0 39845888        0      230        1
disk3 /dev/loop3     3780        0    84634       16     3759       83 10349021     3592        0      448     3610       19        0 39845888        0      228        1
stable_for=25s elapsed=75s
=== T+80s 2026-09-15T18:11:42Z ===
# snapshot 2026-09-15T18:11:42Z
disk1 /dev/loop1     3733        0    84548       20     4095     1937 10370627     3896        0      499     3918       19        0 39845888        0      209        1
disk2 /dev/loop2     3730        0    84531       16     6374       83 13463257     5393        0      837     5412       19        0 39845888        0      230        1
disk3 /dev/loop3     3780        0    84634       16     3759       83 10349021     3592        0      448     3610       19        0 39845888        0      228        1
stable_for=30s elapsed=80s
=== T+85s 2026-09-15T18:11:47Z ===
# snapshot 2026-09-15T18:11:47Z
disk1 /dev/loop1     3733        0    84548       20     4095     1937 10370627     3896        0      499     3918       19        0 39845888        0      209        1
disk2 /dev/loop2     3730        0    84531       16     6374       83 13463257     5393        0      837     5412       19        0 39845888        0      230        1
disk3 /dev/loop3     3780        0    84634       16     3759       83 10349021     3592        0      448     3610       19        0 39845888        0      228        1
stable_for=35s elapsed=85s
=== T+90s 2026-09-15T18:11:52Z ===
# snapshot 2026-09-15T18:11:52Z
disk1 /dev/loop1     3733        0    84548       20     4095     1937 10370627     3896        0      499     3918       19        0 39845888        0      209        1
disk2 /dev/loop2     3730        0    84531       16     6374       83 13463257     5393        0      837     5412       19        0 39845888        0      230        1
disk3 /dev/loop3     3780        0    84634       16     3759       83 10349021     3592        0      448     3610       19        0 39845888        0      228        1
stable_for=40s elapsed=90s
=== T+95s 2026-09-15T18:11:57Z ===
# snapshot 2026-09-15T18:11:57Z
disk1 /dev/loop1     3733        0    84548       20     4095     1937 10370627     3896        0      499     3918       19        0 39845888        0      209        1
disk2 /dev/loop2     3730        0    84531       16     6374       83 13463257     5393        0      837     5412       19        0 39845888        0      230        1
disk3 /dev/loop3     3780        0    84634       16     3759       83 10349021     3592        0      448     3610       19        0 39845888        0      228        1
stable_for=45s elapsed=95s
=== T+100s 2026-09-15T18:12:02Z ===
# snapshot 2026-09-15T18:12:02Z
disk1 /dev/loop1     3733        0    84548       20     4095     1937 10370627     3896        0      499     3918       19        0 39845888        0      209        1
disk2 /dev/loop2     3730        0    84531       16     6374       83 13463257     5393        0      837     5412       19        0 39845888        0      230        1
disk3 /dev/loop3     3780        0    84634       16     3759       83 10349021     3592        0      448     3610       19        0 39845888        0      228        1
stable_for=50s elapsed=100s
=== T+105s 2026-09-15T18:12:07Z ===
# snapshot 2026-09-15T18:12:07Z
disk1 /dev/loop1     3733        0    84548       20     4095     1937 10370627     3896        0      499     3918       19        0 39845888        0      209        1
disk2 /dev/loop2     3730        0    84531       16     6374       83 13463257     5393        0      837     5412       19        0 39845888        0      230        1
disk3 /dev/loop3     3780        0    84634       16     3759       83 10349021     3592        0      448     3610       19        0 39845888        0      228        1
stable_for=55s elapsed=105s
=== T+110s 2026-09-15T18:12:13Z ===
# snapshot 2026-09-15T18:12:13Z
disk1 /dev/loop1     3733        0    84548       20     4095     1937 10370627     3896        0      499     3918       19        0 39845888        0      209        1
disk2 /dev/loop2     3730        0    84531       16     6374       83 13463257     5393        0      837     5412       19        0 39845888        0      230        1
disk3 /dev/loop3     3780        0    84634       16     3759       83 10349021     3592        0      448     3610       19        0 39845888        0      228        1
stable_for=60s elapsed=110s
=== T+115s 2026-09-15T18:12:18Z ===
# snapshot 2026-09-15T18:12:18Z
disk1 /dev/loop1     3733        0    84548       20     4095     1937 10370627     3896        0      499     3918       19        0 39845888        0      209        1
disk2 /dev/loop2     3730        0    84531       16     6374       83 13463257     5393        0      837     5412       19        0 39845888        0      230        1
disk3 /dev/loop3     3780        0    84634       16     3759       83 10349021     3592        0      448     3610       19        0 39845888        0      228        1
stable_for=65s elapsed=115s
=== T+120s 2026-09-15T18:12:23Z ===
# snapshot 2026-09-15T18:12:23Z
disk1 /dev/loop1     3733        0    84548       20     4095     1937 10370627     3896        0      499     3918       19        0 39845888        0      209        1
disk2 /dev/loop2     3730        0    84531       16     6374       83 13463257     5393        0      837     5412       19        0 39845888        0      230        1
disk3 /dev/loop3     3780        0    84634       16     3759       83 10349021     3592        0      448     3610       19        0 39845888        0      228        1
stable_for=70s elapsed=120s
=== T+125s 2026-09-15T18:12:28Z ===
# snapshot 2026-09-15T18:12:28Z
disk1 /dev/loop1     3733        0    84548       20     4095     1937 10370627     3896        0      499     3918       19        0 39845888        0      209        1
disk2 /dev/loop2     3730        0    84531       16     6374       83 13463257     5393        0      837     5412       19        0 39845888        0      230        1
disk3 /dev/loop3     3780        0    84634       16     3759       83 10349021     3592        0      448     3610       19        0 39845888        0      228        1
stable_for=75s elapsed=125s
=== T+130s 2026-09-15T18:12:33Z ===
# snapshot 2026-09-15T18:12:33Z
disk1 /dev/loop1     3733        0    84548       20     4095     1937 10370627     3896        0      499     3918       19        0 39845888        0      209        1
disk2 /dev/loop2     3730        0    84531       16     6374       83 13463257     5393        0      837     5412       19        0 39845888        0      230        1
disk3 /dev/loop3     3780        0    84634       16     3759       83 10349021     3592        0      448     3610       19        0 39845888        0      228        1
stable_for=80s elapsed=130s
=== T+135s 2026-09-15T18:12:38Z ===
# snapshot 2026-09-15T18:12:38Z
disk1 /dev/loop1     3733        0    84548       20     4095     1937 10370627     3896        0      499     3918       19        0 39845888        0      209        1
disk2 /dev/loop2     3730        0    84531       16     6374       83 13463257     5393        0      837     5412       19        0 39845888        0      230        1
disk3 /dev/loop3     3780        0    84634       16     3759       83 10349021     3592        0      448     3610       19        0 39845888        0      228        1
stable_for=85s elapsed=135s
=== T+140s 2026-09-15T18:12:43Z ===
# snapshot 2026-09-15T18:12:43Z
disk1 /dev/loop1     3733        0    84548       20     4095     1937 10370627     3896        0      499     3918       19        0 39845888        0      209        1
disk2 /dev/loop2     3730        0    84531       16     6374       83 13463257     5393        0      837     5412       19        0 39845888        0      230        1
disk3 /dev/loop3     3780        0    84634       16     3759       83 10349021     3592        0      448     3610       19        0 39845888        0      228        1
stable_for=90s elapsed=140s
=== T+145s 2026-09-15T18:12:48Z ===
# snapshot 2026-09-15T18:12:48Z
disk1 /dev/loop1     3733        0    84548       20     4095     1937 10370627     3896        0      499     3918       19        0 39845888        0      209        1
disk2 /dev/loop2     3730        0    84531       16     6374       83 13463257     5393        0      837     5412       19        0 39845888        0      230        1
disk3 /dev/loop3     3780        0    84634       16     3759       83 10349021     3592        0      448     3610       19        0 39845888        0      228        1
stable_for=95s elapsed=145s
=== T+150s 2026-09-15T18:12:53Z ===
# snapshot 2026-09-15T18:12:53Z
disk1 /dev/loop1     3733        0    84548       20     4095     1937 10370627     3896        0      499     3918       19        0 39845888        0      209        1
disk2 /dev/loop2     3730        0    84531       16     6374       83 13463257     5393        0      837     5412       19        0 39845888        0      230        1
disk3 /dev/loop3     3780        0    84634       16     3759       83 10349021     3592        0      448     3610       19        0 39845888        0      228        1
stable_for=100s elapsed=150s
=== T+155s 2026-09-15T18:12:58Z ===
# snapshot 2026-09-15T18:12:58Z
disk1 /dev/loop1     3733        0    84548       20     4095     1937 10370627     3896        0      499     3918       19        0 39845888        0      209        1
disk2 /dev/loop2     3730        0    84531       16     6374       83 13463257     5393        0      837     5412       19        0 39845888        0      230        1
disk3 /dev/loop3     3780        0    84634       16     3759       83 10349021     3592        0      448     3610       19        0 39845888        0      228        1
stable_for=105s elapsed=155s
=== T+160s 2026-09-15T18:13:03Z ===
# snapshot 2026-09-15T18:13:03Z
disk1 /dev/loop1     3733        0    84548       20     4095     1937 10370627     3896        0      499     3918       19        0 39845888        0      209        1
disk2 /dev/loop2     3730        0    84531       16     6374       83 13463257     5393        0      837     5412       19        0 39845888        0      230        1
disk3 /dev/loop3     3780        0    84634       16     3759       83 10349021     3592        0      448     3610       19        0 39845888        0      228        1
stable_for=110s elapsed=160s
=== T+165s 2026-09-15T18:13:08Z ===
# snapshot 2026-09-15T18:13:08Z
disk1 /dev/loop1     3733        0    84548       20     4095     1937 10370627     3896        0      499     3918       19        0 39845888        0      209        1
disk2 /dev/loop2     3730        0    84531       16     6374       83 13463257     5393        0      837     5412       19        0 39845888        0      230        1
disk3 /dev/loop3     3780        0    84634       16     3759       83 10349021     3592        0      448     3610       19        0 39845888        0      228        1
stable_for=115s elapsed=165s
=== T+170s 2026-09-15T18:13:13Z ===
# snapshot 2026-09-15T18:13:13Z
disk1 /dev/loop1     3733        0    84548       20     4095     1937 10370627     3896        0      499     3918       19        0 39845888        0      209        1
disk2 /dev/loop2     3730        0    84531       16     6374       83 13463257     5393        0      837     5412       19        0 39845888        0      230        1
disk3 /dev/loop3     3780        0    84634       16     3759       83 10349021     3592        0      448     3610       19        0 39845888        0      228        1
stable_for=120s elapsed=170s
=== T+175s 2026-09-15T18:13:18Z ===
# snapshot 2026-09-15T18:13:18Z
disk1 /dev/loop1     3733        0    84548       20     4095     1937 10370627     3896        0      499     3918       19        0 39845888        0      209        1
disk2 /dev/loop2     3730        0    84531       16     6374       83 13463257     5393        0      837     5412       19        0 39845888        0      230        1
disk3 /dev/loop3     3780        0    84634       16     3759       83 10349021     3592        0      448     3610       19        0 39845888        0      228        1
stable_for=125s elapsed=175s
=== T+180s 2026-09-15T18:13:23Z ===
# snapshot 2026-09-15T18:13:23Z
disk1 /dev/loop1     3733        0    84548       20     4095     1937 10370627     3896        0      499     3918       19        0 39845888        0      209        1
disk2 /dev/loop2     3730        0    84531       16     6374       83 13463257     5393        0      837     5412       19        0 39845888        0      230        1
disk3 /dev/loop3     3780        0    84634       16     3759       83 10349021     3592        0      448     3610       19        0 39845888        0      228        1
stable_for=130s elapsed=180s
=== T+185s 2026-09-15T18:13:28Z ===
# snapshot 2026-09-15T18:13:28Z
disk1 /dev/loop1     3733        0    84548       20     4095     1937 10370627     3896        0      499     3918       19        0 39845888        0      209        1
disk2 /dev/loop2     3730        0    84531       16     6374       83 13463257     5393        0      837     5412       19        0 39845888        0      230        1
disk3 /dev/loop3     3780        0    84634       16     3759       83 10349021     3592        0      448     3610       19        0 39845888        0      228        1
stable_for=135s elapsed=185s
=== T+190s 2026-09-15T18:13:33Z ===
# snapshot 2026-09-15T18:13:33Z
disk1 /dev/loop1     3733        0    84548       20     4095     1937 10370627     3896        0      499     3918       19        0 39845888        0      209        1
disk2 /dev/loop2     3730        0    84531       16     6374       83 13463257     5393        0      837     5412       19        0 39845888        0      230        1
disk3 /dev/loop3     3780        0    84634       16     3759       83 10349021     3592        0      448     3610       19        0 39845888        0      228        1
stable_for=140s elapsed=190s
=== T+195s 2026-09-15T18:13:38Z ===
# snapshot 2026-09-15T18:13:38Z
disk1 /dev/loop1     3733        0    84548       20     4095     1937 10370627     3896        0      499     3918       19        0 39845888        0      209        1
disk2 /dev/loop2     3730        0    84531       16     6374       83 13463257     5393        0      837     5412       19        0 39845888        0      230        1
disk3 /dev/loop3     3780        0    84634       16     3759       83 10349021     3592        0      448     3610       19        0 39845888        0      228        1
stable_for=145s elapsed=195s
=== T+200s 2026-09-15T18:13:43Z ===
# snapshot 2026-09-15T18:13:43Z
disk1 /dev/loop1     3733        0    84548       20     4095     1937 10370627     3896        0      499     3918       19        0 39845888        0      209        1
disk2 /dev/loop2     3730        0    84531       16     6374       83 13463257     5393        0      837     5412       19        0 39845888        0      230        1
disk3 /dev/loop3     3780        0    84634       16     3759       83 10349021     3592        0      448     3610       19        0 39845888        0      228        1
stable_for=150s elapsed=200s
=== T+205s 2026-09-15T18:13:48Z ===
# snapshot 2026-09-15T18:13:48Z
disk1 /dev/loop1     3733        0    84548       20     4095     1937 10370627     3896        0      499     3918       19        0 39845888        0      209        1
disk2 /dev/loop2     3730        0    84531       16     6374       83 13463257     5393        0      837     5412       19        0 39845888        0      230        1
disk3 /dev/loop3     3780        0    84634       16     3759       83 10349021     3592        0      448     3610       19        0 39845888        0      228        1
stable_for=155s elapsed=205s
=== T+210s 2026-09-15T18:13:53Z ===
# snapshot 2026-09-15T18:13:53Z
disk1 /dev/loop1     3733        0    84548       20     4095     1937 10370627     3896        0      499     3918       19        0 39845888        0      209        1
disk2 /dev/loop2     3730        0    84531       16     6374       83 13463257     5393        0      837     5412       19        0 39845888        0      230        1
disk3 /dev/loop3     3780        0    84634       16     3759       83 10349021     3592        0      448     3610       19        0 39845888        0      228        1
stable_for=160s elapsed=210s
=== T+215s 2026-09-15T18:13:58Z ===
# snapshot 2026-09-15T18:13:58Z
disk1 /dev/loop1     3733        0    84548       20     4095     1937 10370627     3896        0      499     3918       19        0 39845888        0      209        1
disk2 /dev/loop2     3730        0    84531       16     6374       83 13463257     5393        0      837     5412       19        0 39845888        0      230        1
disk3 /dev/loop3     3780        0    84634       16     3759       83 10349021     3592        0      448     3610       19        0 39845888        0      228        1
stable_for=165s elapsed=215s
=== T+220s 2026-09-15T18:14:03Z ===
# snapshot 2026-09-15T18:14:03Z
disk1 /dev/loop1     3733        0    84548       20     4095     1937 10370627     3896        0      499     3918       19        0 39845888        0      209        1
disk2 /dev/loop2     3730        0    84531       16     6374       83 13463257     5393        0      837     5412       19        0 39845888        0      230        1
disk3 /dev/loop3     3780        0    84634       16     3759       83 10349021     3592        0      448     3610       19        0 39845888        0      228        1
stable_for=170s elapsed=220s
=== T+225s 2026-09-15T18:14:08Z ===
# snapshot 2026-09-15T18:14:08Z
disk1 /dev/loop1     3733        0    84548       20     4095     1937 10370627     3896        0      499     3918       19        0 39845888        0      209        1
disk2 /dev/loop2     3730        0    84531       16     6374       83 13463257     5393        0      837     5412       19        0 39845888        0      230        1
disk3 /dev/loop3     3780        0    84634       16     3759       83 10349021     3592        0      448     3610       19        0 39845888        0      228        1
stable_for=175s elapsed=225s
=== T+230s 2026-09-15T18:14:13Z ===
# snapshot 2026-09-15T18:14:13Z
disk1 /dev/loop1     3733        0    84548       20     4095     1937 10370627     3896        0      499     3918       19        0 39845888        0      209        1
disk2 /dev/loop2     3730        0    84531       16     6374       83 13463257     5393        0      837     5412       19        0 39845888        0      230        1
disk3 /dev/loop3     3780        0    84634       16     3759       83 10349021     3592        0      448     3610       19        0 39845888        0      228        1
stable_for=180s elapsed=230s
=== SETTLED: array disks unchanged for 180s (required 180s), total wait 230s, 2026-09-15T18:14:13Z ===
