[global]
   workgroup = WORKGROUP
   server string = Hoserva
   security = user
   map to guest = Bad User
   min protocol = SMB2
   ea support = yes
   vfs objects = catia fruit streams_xattr
   fruit:metadata = stream
   fruit:posix_rename = yes
   fruit:veto_appledouble = no
   fruit:nfs_aces = no
   fruit:wipe_intentionally_left_blank_rfork = yes
   fruit:delete_empty_adfiles = yes
   load printers = no
   printing = bsd
   printcap name = /dev/null
   disable spoolss = yes

[archives]
   path = /mnt/user/archives
   browseable = no
   read only = yes
   guest ok = no
   create mask = 0664
   directory mask = 2775
   force group = users

include = /etc/hoserva/smb.custom.conf
