Self test...
Loading state from /lab/9-a1/mnt/parity1/snapraid.content...
Scanning...
Scanned d1 in 0 seconds
Scanned d2 in 0 seconds
Scanned d3 in 0 seconds
WARNING! UUID is unsupported for disks: 'd1', 'd2', 'd3'. Not using inodes to detect move operations.
Using 0 MiB of memory for the file-system.
Initializing...
Resizing...
Saving state to /lab/9-a1/mnt/parity1/snapraid.content...
Saving state to /lab/9-a1/mnt/cache/snapraid.content...
Verifying...
Verified /lab/9-a1/mnt/parity1/snapraid.content in 0 seconds
Verified /lab/9-a1/mnt/cache/snapraid.content in 0 seconds
Using 64 MiB of memory for 64 cached blocks.
Selecting...
Syncing...
50%, 0 MB          100% completed, 1 MB accessed in 0:00    

     d1 38% | ***********************
     d2 54% | *********************************
     d3  0% | 
 parity  0% | 
   raid  9% | *****
   hash  7% | ****
  sched 27% | ****************
   misc  0% | 
            |______________________________________________________________
                           wait time (total, less is better)

Everything OK
Saving state to /lab/9-a1/mnt/parity1/snapraid.content...
Saving state to /lab/9-a1/mnt/cache/snapraid.content...
Verifying...
Verified /lab/9-a1/mnt/parity1/snapraid.content in 0 seconds
Verified /lab/9-a1/mnt/cache/snapraid.content in 0 seconds
