Self test...
Loading state from /lab/9-a1/mnt/parity1/snapraid.content...
Using 0 MiB of memory for the file-system.
SnapRAID status report:

   Files Fragmented Excess  Wasted  Used    Free  Use Name
            Files  Fragments  GB      GB      GB
       2       0       0     0.0       0       0   0% d1
       2       0       0     0.0       0       0   0% d2
       0       0       0     0.0       0       0   0% d3
 --------------------------------------------------------------------------
       4       0       0     0.0       0       2   0%


100%|o                                                                     
    |o                                                                     
    |o                                                                     
    |o                                                                     
    |o                                                                     
    |o                                                                     
    |o                                                                     
 50%|o                                                                     
    |o                                                                     
    |o                                                                     
    |o                                                                     
    |o                                                                     
    |o                                                                     
    |o                                                                     
  0%|o_____________________________________________________________________
     0                    days ago of the last scrub/sync                 0

The oldest block was scrubbed 0 days ago, the median 0, the newest 0.

No sync is in progress.
100% of the array is not scrubbed.
No file has a zero sub-second timestamp.
No rehash is in progress or needed.
No error detected.
