Self test...
Loading state from /lab/9-a1/mnt/parity1/snapraid.content...
WARNING! Content file '/lab/9-a1/mnt/parity1/snapraid.content' not found, attempting with another copy...
Loading state from /lab/9-a1/mnt/cache/snapraid.content...
No content file found. Assuming empty.
Scanning...
Scanned d3 in 0 seconds
Scanned d1 in 0 seconds
Scanned d2 in 0 seconds
WARNING! UUID is unsupported for disks: 'd1', 'd2', 'd3'. Not using inodes to detect move operations.
Using 0 MiB of memory for the file-system.
Initializing...
Resizing...
Saving state to /lab/9-a1/mnt/parity1/snapraid.content...
Saving state to /lab/9-a1/mnt/cache/snapraid.content...
Verifying...
Verified /lab/9-a1/mnt/parity1/snapraid.content in 0 seconds
Verified /lab/9-a1/mnt/cache/snapraid.content in 0 seconds
Using 64 MiB of memory for 64 cached blocks.
Selecting...
Syncing...
50%, 0 MB          100% completed, 2 MB accessed in 0:00    

     d1 10% | ******
     d2 10% | ******
     d3 20% | ************
 parity  0% | 
   raid 15% | *********
   hash 21% | *************
  sched 39% | ***********************
   misc  1% | *
            |______________________________________________________________
                           wait time (total, less is better)

Everything OK
Saving state to /lab/9-a1/mnt/parity1/snapraid.content...
Saving state to /lab/9-a1/mnt/cache/snapraid.content...
Verifying...
Verified /lab/9-a1/mnt/parity1/snapraid.content in 0 seconds
Verified /lab/9-a1/mnt/cache/snapraid.content in 0 seconds
