debconf: unable to initialize frontend: Dialog
debconf: (TERM is not set, so the dialog frontend is not usable.)
debconf: falling back to frontend: Readline
debconf: unable to initialize frontend: Readline
debconf: (Can't locate Term/ReadLine.pm in @INC (you may need to install the Term::ReadLine module) (@INC entries checked: /etc/perl /usr/local/lib/x86_64-linux-gnu/perl/5.40.1 /usr/local/share/perl/5.40.1 /usr/lib/x86_64-linux-gnu/perl5/5.40 /usr/share/perl5 /usr/lib/x86_64-linux-gnu/perl-base /usr/lib/x86_64-linux-gnu/perl/5.40 /usr/share/perl/5.40 /usr/local/lib/site_perl) at /usr/share/perl5/Debconf/FrontEnd/Readline.pm line 8, <STDIN> line 1.)
debconf: falling back to frontend: Teletype
debconf: unable to initialize frontend: Teletype
debconf: (This frontend requires a controlling tty.)
debconf: falling back to frontend: Noninteractive
snapraid 12.4-1
+ snapraid -c /lab/10-a1/s9/snapraid.conf sync
[exit 0]
Self test...
Loading state from /lab/10-a1/s9/content...
WARNING! Content file '/lab/10-a1/s9/content' not found, attempting with another copy...
Loading state from /lab/10-a1/mnt/disk1/.snapraid.content...
WARNING! Content file '/lab/10-a1/mnt/disk1/.snapraid.content' not found, attempting with another copy...
Loading state from /lab/10-a1/mnt/disk2/.snapraid.content...
No content file found. Assuming empty.
Scanning...
Scanned d3 in 0 seconds
Scanned d1 in 0 seconds
Scanned d2 in 0 seconds
WARNING! UUID is unsupported for disks: 'd1', 'd2', 'd3'. Not using inodes to detect move operations.
Using 0 MiB of memory for the file-system.
Initializing...
Resizing...
Saving state to /lab/10-a1/s9/content...
Saving state to /lab/10-a1/mnt/disk1/.snapraid.content...
Saving state to /lab/10-a1/mnt/disk2/.snapraid.content...
Verifying...
Verified /lab/10-a1/s9/content in 0 seconds
Verified /lab/10-a1/mnt/disk1/.snapraid.content in 0 seconds
Verified /lab/10-a1/mnt/disk2/.snapraid.content in 0 seconds
Using 64 MiB of memory for 64 cached blocks.
Selecting...
Syncing...
0%, 0 MB          100% completed, 996 MB accessed in 0:00    

     d1  0% | 
     d2  0% | 
     d3  0% | 
 parity 41% | *************************
   raid 32% | ********************
   hash 22% | *************
  sched  1% | 
   misc  0% | 
            |______________________________________________________________
                           wait time (total, less is better)

Everything OK
Saving state to /lab/10-a1/s9/content...
Saving state to /lab/10-a1/mnt/disk1/.snapraid.content...
Saving state to /lab/10-a1/mnt/disk2/.snapraid.content...
Verifying...
Verified /lab/10-a1/s9/content in 0 seconds
Verified /lab/10-a1/mnt/disk1/.snapraid.content in 0 seconds
Verified /lab/10-a1/mnt/disk2/.snapraid.content in 0 seconds
snapraid sync: confirmed (exit 0, 'Everything OK')
